<object-stream>
<org.drools.core.audit.WorkingMemoryLog>
  <version>6.1</version>
  <events>
    <org.drools.core.audit.event.ActivationLogEvent>
      <type>4</type>
      <activationId>transaction for Karnataka [1]</activationId>
      <rule>transaction for Karnataka</rule>
      <declarations>transaction=net.vsspl.to.Transaction@4b5189ac</declarations>
      <factHandleIds>1</factHandleIds>
    </org.drools.core.audit.event.ActivationLogEvent>
    <org.drools.core.audit.event.ObjectLogEvent>
      <type>1</type>
      <factId>1</factId>
      <objectToString>net.vsspl.to.Transaction@4b5189ac</objectToString>
    </org.drools.core.audit.event.ObjectLogEvent>
    <org.drools.core.audit.event.ActivationLogEvent>
      <type>6</type>
      <activationId>transaction for Karnataka [1]</activationId>
      <rule>transaction for Karnataka</rule>
      <declarations>transaction=net.vsspl.to.Transaction@4b5189ac</declarations>
      <factHandleIds>1</factHandleIds>
    </org.drools.core.audit.event.ActivationLogEvent>
    <org.drools.core.audit.event.ActivationLogEvent>
      <type>7</type>
      <activationId>transaction for Karnataka [1]</activationId>
      <rule>transaction for Karnataka</rule>
      <declarations>transaction=net.vsspl.to.Transaction@4b5189ac</declarations>
      <factHandleIds>1</factHandleIds>
    </org.drools.core.audit.event.ActivationLogEvent>
  </events>
  <engine>RETEOO</engine>
</org.drools.core.audit.WorkingMemoryLog>
</object-stream>
